    -----------------------------------------------------------------------
          PSI4: An Open-Source Ab Initio Electronic Structure Package
                              PSI 4.0 Driver

               Git: Rev {master} 93a5e8d84afd652e6226b966a114479f5ca1a459

    J. M. Turney, A. C. Simmonett, R. M. Parrish, E. G. Hohenstein,
    F. A. Evangelista, J. T. Fermann, B. J. Mintz, L. A. Burns, J. J. Wilke,
    M. L. Abrams, N. J. Russ, M. L. Leininger, C. L. Janssen, E. T. Seidl,
    W. D. Allen, H. F. Schaefer, R. A. King, E. F. Valeev, C. D. Sherrill,
    and T. D. Crawford, WIREs Comput. Mol. Sci. 2, 556-565 (2012)
    (doi: 10.1002/wcms.93)

                         Additional Contributions by
    A. E. DePrince, M. Saitow, U. Bozkaya, A. Yu. Sokolov
    -----------------------------------------------------------------------


    Psi4 started on: 03-28-2015  10:18:58 PM EDT

    Process ID:  12101
    PSI4DATADIR: /home/seba/hackathon/psi4public/lib
    Memory level set to 256.000 MB

  ==> Input File <==

--------------------------------------------------------------------------
molecule CH4 {
   C   0.0                      0.0                      0.0
   H   0.0                      0.0                      2.078698587
   H   1.9598158229645684       0.0                     -0.692899529
   H  -0.9799079114822842       1.6972502894260224      -0.692899529
   H  -0.9799079114822842      -1.6972502894260224      -0.692899529
units au
}

plugin_load("fcidump/fcidump.so")

set basis sto-3g
set reference rhf
set e_convergence 1e-12
set d_convergence 1e-12
set ints_tolerance 0.0

set fcidump dumpfilename CH4.sto3g.fcidump

scf()

plugin("fcidump.so")

--------------------------------------------------------------------------
fcidump/fcidump.so loaded.

*** tstart() called on seb-latitude
*** at Sat Mar 28 22:18:58 2015

    There are an even number of electrons - assuming singlet.
    Specify the multiplicity with the MULTP option in the
    input if this is incorrect


         ---------------------------------------------------------
                                   SCF
            by Justin Turney, Rob Parrish, and Andy Simmonett
                              RHF Reference
                        1 Threads,    256 MiB Core
         ---------------------------------------------------------

  ==> Geometry <==

    Molecular point group: c2v
    Full point group: Td

    Geometry (in Bohr), charge = 0, multiplicity = 1:

       Center              X                  Y                   Z       
    ------------   -----------------  -----------------  -----------------
           C          0.000000000000    -0.000000000000     0.000000000000
           H          0.000000000000    -1.697250289185    -1.200137188939
           H          1.697250289426     0.000000000000     1.200137188939
           H         -1.697250289426    -0.000000000000     1.200137188939
           H         -0.000000000000     1.697250289185    -1.200137188939

  Running in c2v symmetry.

  Rotational constants: A =      5.18391  B =      5.18391  C =      5.18391 [cm^-1]
  Rotational constants: A = 155409.66304  B = 155409.66303  C = 155409.66302 [MHz]
  Nuclear repulsion =   13.313250311190094

  Charge       = 0
  Multiplicity = 1
  Electrons    = 10
  Nalpha       = 5
  Nbeta        = 5

  ==> Algorithm <==

  SCF Algorithm Type is PK.
  DIIS enabled.
  MOM disabled.
  Fractional occupation disabled.
  Guess Type is CORE.
  Energy threshold   = 1.00e-12
  Density threshold  = 1.00e-12
  Integral threshold = 0.00e+00

  ==> Primary Basis <==

  Basis Set: STO-3G
    Number of shells: 7
    Number of basis function: 9
    Number of Cartesian functions: 9
    Spherical Harmonics?: true
    Max angular momentum: 1

  ==> Pre-Iterations <==

   -------------------------------------------------------
    Irrep   Nso     Nmo     Nalpha   Nbeta   Ndocc  Nsocc
   -------------------------------------------------------
     A1         5       5       0       0       0       0
     A2         0       0       0       0       0       0
     B1         2       2       0       0       0       0
     B2         2       2       0       0       0       0
   -------------------------------------------------------
    Total       9       9       5       5       5       0
   -------------------------------------------------------

  Starting with a DF guess...

 OEINTS: Overlap, kinetic, potential, dipole, and quadrupole integrals
         stored in file 35.

  ==> Integral Setup <==

  ==> DFJK: Density-Fitted J/K Matrices <==

    J tasked:                  Yes
    K tasked:                  Yes
    wK tasked:                  No
    OpenMP threads:              1
    Integrals threads:           1
    Memory (MB):               183
    Algorithm:                Core
    Integral Cache:           NONE
    Schwarz Cutoff:          0E+00
    Fitting Condition:       1E-12

   => Auxiliary Basis Set <=

  Basis Set: 
    Number of shells: 42
    Number of basis function: 112
    Number of Cartesian functions: 126
    Spherical Harmonics?: true
    Max angular momentum: 3

  Minimum eigenvalue in the overlap matrix is 2.2657035852E-01.
  Using Symmetric Orthogonalization.
  SCF Guess: Core (One-Electron) Hamiltonian.

  ==> Iterations <==

                           Total Energy        Delta E     RMS |[F,P]|

   @DF-RHF iter   1:   -36.07089275503217   -3.60709e+01   2.60160e-01 
   @DF-RHF iter   2:   -39.54188534143977   -3.47099e+00   9.62443e-02 DIIS
   @DF-RHF iter   3:   -39.72473517306828   -1.82850e-01   9.07248e-03 DIIS
   @DF-RHF iter   4:   -39.72623843718238   -1.50326e-03   9.57876e-04 DIIS
   @DF-RHF iter   5:   -39.72625380656368   -1.53694e-05   1.37614e-04 DIIS
   @DF-RHF iter   6:   -39.72625419326453   -3.86701e-07   1.56902e-06 DIIS
   @DF-RHF iter   7:   -39.72625419330885   -4.43237e-11   2.45345e-08 DIIS
   @DF-RHF iter   8:   -39.72625419330883    2.13163e-14   2.87527e-10 DIIS
   @DF-RHF iter   9:   -39.72625419330887   -3.55271e-14   2.76188e-12 DIIS
   @DF-RHF iter  10:   -39.72625419330885    1.42109e-14   2.48724e-14 DIIS

  DF guess converged.

  ==> Integral Setup <==

 MINTS: Wrapper to libmints.
   by Justin Turney

   Calculation information:
      Number of atoms:                   5
      Number of AO shells:               7
      Number of SO shells:               5
      Number of primitives:             21
      Number of atomic orbitals:         9
      Number of basis functions:         9

      Number of irreps:                  4
      Integral cutoff                 0.00e+00
      Number of functions per irrep: [   5    0    2    2 ]

 OEINTS: Overlap, kinetic, potential, dipole, and quadrupole integrals
         stored in file 35.

      Computing two-electron integrals...done
      Computed 335 non-zero two-electron integrals.
        Stored in file 33.

	Batch   1 pq = [       0,      21] index = [             0,231]
  ==> DiskJK: Disk-Based J/K Matrices <==

    J tasked:                  Yes
    K tasked:                  Yes
    wK tasked:                  No
    Memory (MB):               183
    Schwarz Cutoff:          0E+00

   @RHF iter  11:   -39.72591203381210    3.42159e-04   1.74756e-05 DIIS
   @RHF iter  12:   -39.72591203476734   -9.55239e-10   8.76927e-07 DIIS
   @RHF iter  13:   -39.72591203477285   -5.51381e-12   7.55835e-08 DIIS
   @RHF iter  14:   -39.72591203477302   -1.63425e-13   8.55106e-09 DIIS
   @RHF iter  15:   -39.72591203477302   -7.10543e-15   2.01799e-14 DIIS

  ==> Post-Iterations <==

    Orbital Energies (a.u.)
    -----------------------

    Doubly Occupied:                                                      

       1A1   -11.031218     2A1    -0.903381     1B2    -0.513836  
       3A1    -0.513836     1B1    -0.513836  

    Virtual:                                                              

       2B1     0.704242     4A1     0.704242     2B2     0.704242  
       5A1     0.735605  

    Final Occupation by Irrep:
             A1    A2    B1    B2 
    DOCC [     3,    0,    1,    1 ]

  Energy converged.

  @RHF Final Energy:   -39.72591203477302

   => Energetics <=

    Nuclear Repulsion Energy =             13.3132503111900942
    One-Electron Energy =                 -79.1261104928470331
    Two-Electron Energy =                  26.0869481468839055
    DFT Exchange-Correlation Energy =       0.0000000000000000
    Empirical Dispersion Energy =           0.0000000000000000
    PCM Polarization Energy =               0.0000000000000000
    EFP Energy =                            0.0000000000000000
    Total Energy =                        -39.7259120347730388

    Alert: EFP and PCM quantities not currently incorporated into SCF psivars.

Properties will be evaluated at   0.000000,   0.000000,   0.000000 Bohr
  ==> Properties <==


Properties computed using the SCF density matrix

  Nuclear Dipole Moment: (a.u.)
     X:    -0.0000      Y:     0.0000      Z:     0.0000

  Electronic Dipole Moment: (a.u.)
     X:     0.0000      Y:     0.0000      Z:    -0.0000

  Dipole Moment: (a.u.)
     X:    -0.0000      Y:     0.0000      Z:    -0.0000     Total:     0.0000

  Dipole Moment: (Debye)
     X:    -0.0000      Y:     0.0000      Z:    -0.0000     Total:     0.0000


  Saving occupied orbitals to File 180.

*** tstop() called on seb-latitude at Sat Mar 28 22:18:59 2015
Module time:
	user time   =       0.51 seconds =       0.01 minutes
	system time =       0.03 seconds =       0.00 minutes
	total time  =          1 seconds =       0.02 minutes
Total time:
	user time   =       0.51 seconds =       0.01 minutes
	system time =       0.03 seconds =       0.00 minutes
	total time  =          1 seconds =       0.02 minutes
Reading options from the FCIDUMP block
Calling plugin fcidump.so.
	Presorting SO-basis two-electron integrals.
	Sorting File: SO Ints (nn|nn) nbuckets = 1
	Transforming the one-electron integrals and constructing Fock matrices
	Starting first half-transformation.
	Sorting half-transformed integrals.
	First half integral transformation complete.
	Starting second half-transformation.
	Two-electron integral transformation complete.
Created the file CH4.STO3G.FCIDUMP
*** PSI4 exiting successfully. Buy a developer a beer!
