    -----------------------------------------------------------------------
          PSI4: An Open-Source Ab Initio Electronic Structure Package
                              PSI 4.0 Driver

               Git: Rev {master} 93a5e8d84afd652e6226b966a114479f5ca1a459

    J. M. Turney, A. C. Simmonett, R. M. Parrish, E. G. Hohenstein,
    F. A. Evangelista, J. T. Fermann, B. J. Mintz, L. A. Burns, J. J. Wilke,
    M. L. Abrams, N. J. Russ, M. L. Leininger, C. L. Janssen, E. T. Seidl,
    W. D. Allen, H. F. Schaefer, R. A. King, E. F. Valeev, C. D. Sherrill,
    and T. D. Crawford, WIREs Comput. Mol. Sci. 2, 556-565 (2012)
    (doi: 10.1002/wcms.93)

                         Additional Contributions by
    A. E. DePrince, M. Saitow, U. Bozkaya, A. Yu. Sokolov
    -----------------------------------------------------------------------


    Psi4 started on: 03-28-2015  10:19:34 PM EDT

    Process ID:  12117
    PSI4DATADIR: /home/seba/hackathon/psi4public/lib
    Memory level set to 256.000 MB

  ==> Input File <==

--------------------------------------------------------------------------
molecule H2O {
0 1
   O       0.000000000   0.00   0.000000000
   H       0.790689766   0.00   0.612217330
   H      -0.790689766   0.00   0.612217330
units angstrom
}

plugin_load("fcidump/fcidump.so")

set basis 6-31G
set reference rhf
set e_convergence 1e-13
set d_convergence 1e-13
set ints_tolerance 0.0

set fcidump dumpfilename H2O.631g.fcidump

scf()

plugin("fcidump.so")

--------------------------------------------------------------------------
fcidump/fcidump.so loaded.

*** tstart() called on seb-latitude
*** at Sat Mar 28 22:19:34 2015


         ---------------------------------------------------------
                                   SCF
            by Justin Turney, Rob Parrish, and Andy Simmonett
                              RHF Reference
                        1 Threads,    256 MiB Core
         ---------------------------------------------------------

  ==> Geometry <==

    Molecular point group: c2v
    Full point group: C2v

    Geometry (in Angstrom), charge = 0, multiplicity = 1:

       Center              X                  Y                   Z       
    ------------   -----------------  -----------------  -----------------
           O          0.000000000000     0.000000000000    -0.068516224902
           H          0.790689766000     0.000000000000     0.543701105098
           H         -0.790689766000    -0.000000000000     0.543701105098

  Running in c2v symmetry.

  Rotational constants: A =     25.12555  B =     13.37732  C =      8.72954 [cm^-1]
  Rotational constants: A = 753244.94291  B = 401041.96904  C = 261705.15489 [MHz]
  Nuclear repulsion =    8.801463902522988

  Charge       = 0
  Multiplicity = 1
  Electrons    = 10
  Nalpha       = 5
  Nbeta        = 5

  ==> Algorithm <==

  SCF Algorithm Type is PK.
  DIIS enabled.
  MOM disabled.
  Fractional occupation disabled.
  Guess Type is CORE.
  Energy threshold   = 1.00e-13
  Density threshold  = 1.00e-13
  Integral threshold = 0.00e+00

  ==> Primary Basis <==

  Basis Set: 6-31G
    Number of shells: 9
    Number of basis function: 13
    Number of Cartesian functions: 13
    Spherical Harmonics?: false
    Max angular momentum: 1

  ==> Pre-Iterations <==

   -------------------------------------------------------
    Irrep   Nso     Nmo     Nalpha   Nbeta   Ndocc  Nsocc
   -------------------------------------------------------
     A1         7       7       0       0       0       0
     A2         0       0       0       0       0       0
     B1         4       4       0       0       0       0
     B2         2       2       0       0       0       0
   -------------------------------------------------------
    Total      13      13       5       5       5       0
   -------------------------------------------------------

  Starting with a DF guess...

 OEINTS: Overlap, kinetic, potential, dipole, and quadrupole integrals
         stored in file 35.

  ==> Integral Setup <==

  ==> DFJK: Density-Fitted J/K Matrices <==

    J tasked:                  Yes
    K tasked:                  Yes
    wK tasked:                  No
    OpenMP threads:              1
    Integrals threads:           1
    Memory (MB):               183
    Algorithm:                Core
    Integral Cache:           NONE
    Schwarz Cutoff:          0E+00
    Fitting Condition:       1E-12

   => Auxiliary Basis Set <=

  Basis Set: 
    Number of shells: 42
    Number of basis function: 131
    Number of Cartesian functions: 131
    Spherical Harmonics?: false
    Max angular momentum: 3

  Minimum eigenvalue in the overlap matrix is 7.3923818694E-02.
  Using Symmetric Orthogonalization.
  SCF Guess: Core (One-Electron) Hamiltonian.

  ==> Iterations <==

                           Total Energy        Delta E     RMS |[F,P]|

    Occupation by irrep:
             A1    A2    B1    B2 
    DOCC [     3,    0,    2,    0 ]

   @DF-RHF iter   1:   -69.55597749693840   -6.95560e+01   3.07141e-01 
    Occupation by irrep:
             A1    A2    B1    B2 
    DOCC [     3,    0,    1,    1 ]

   @DF-RHF iter   2:   -70.81464445594106   -1.25867e+00   2.88958e-01 DIIS
   @DF-RHF iter   3:   -75.88293024063232   -5.06829e+00   5.56505e-02 DIIS
   @DF-RHF iter   4:   -75.97420868855590   -9.12784e-02   1.12159e-02 DIIS
   @DF-RHF iter   5:   -75.97990547446595   -5.69679e-03   1.93148e-03 DIIS
   @DF-RHF iter   6:   -75.98011520529479   -2.09731e-04   6.13013e-04 DIIS
   @DF-RHF iter   7:   -75.98014029221855   -2.50869e-05   2.34330e-04 DIIS
   @DF-RHF iter   8:   -75.98014186995519   -1.57774e-06   2.35662e-05 DIIS
   @DF-RHF iter   9:   -75.98014190722270   -3.72675e-08   5.37556e-06 DIIS
   @DF-RHF iter  10:   -75.98014190844549   -1.22279e-09   4.83979e-07 DIIS
   @DF-RHF iter  11:   -75.98014190846168   -1.61862e-11   1.12578e-07 DIIS
   @DF-RHF iter  12:   -75.98014190846207   -3.97904e-13   9.43246e-09 DIIS
   @DF-RHF iter  13:   -75.98014190846206    1.42109e-14   4.38326e-10 DIIS
   @DF-RHF iter  14:   -75.98014190846204    1.42109e-14   4.55096e-11 DIIS
   @DF-RHF iter  15:   -75.98014190846207   -2.84217e-14   4.18900e-12 DIIS
   @DF-RHF iter  16:   -75.98014190846207    0.00000e+00   1.63960e-13 DIIS
   @DF-RHF iter  17:   -75.98014190846204    2.84217e-14   3.08467e-14 DIIS

  DF guess converged.

  ==> Integral Setup <==

 MINTS: Wrapper to libmints.
   by Justin Turney

   Calculation information:
      Number of atoms:                   3
      Number of AO shells:               9
      Number of SO shells:               7
      Number of primitives:             22
      Number of atomic orbitals:        13
      Number of basis functions:        13

      Number of irreps:                  4
      Integral cutoff                 0.00e+00
      Number of functions per irrep: [   7    0    4    2 ]

 OEINTS: Overlap, kinetic, potential, dipole, and quadrupole integrals
         stored in file 35.

      Computing two-electron integrals...done
      Computed 1270 non-zero two-electron integrals.
        Stored in file 33.

	Batch   1 pq = [       0,      41] index = [             0,861]
  ==> DiskJK: Disk-Based J/K Matrices <==

    J tasked:                  Yes
    K tasked:                  Yes
    wK tasked:                  No
    Memory (MB):               183
    Schwarz Cutoff:          0E+00

   @RHF iter  18:   -75.98015789444224   -1.59860e-05   1.83088e-06 DIIS
   @RHF iter  19:   -75.98015789458591   -1.43672e-10   4.43478e-07 DIIS
   @RHF iter  20:   -75.98015789459454   -8.62599e-12   2.41765e-07 DIIS
   @RHF iter  21:   -75.98015789459618   -1.63425e-12   3.01343e-08 DIIS
   @RHF iter  22:   -75.98015789459627   -9.94760e-14   4.81484e-09 DIIS
   @RHF iter  23:   -75.98015789459620    7.10543e-14   1.05960e-09 DIIS
   @RHF iter  24:   -75.98015789459627   -7.10543e-14   1.72642e-10 DIIS
   @RHF iter  25:   -75.98015789459625    2.84217e-14   2.69944e-11 DIIS
   @RHF iter  26:   -75.98015789459620    4.26326e-14   3.34908e-12 DIIS
   @RHF iter  27:   -75.98015789459623   -2.84217e-14   2.48807e-13 DIIS
   @RHF iter  28:   -75.98015789459627   -4.26326e-14   5.39343e-14 DIIS

  ==> Post-Iterations <==

    Orbital Energies (a.u.)
    -----------------------

    Doubly Occupied:                                                      

       1A1   -20.568891     2A1    -1.334712     1B1    -0.686878  
       3A1    -0.554302     1B2    -0.499291  

    Virtual:                                                              

       4A1     0.193411     2B1     0.287588     3B1     1.041437  
       5A1     1.130316     2B2     1.164392     6A1     1.220937  
       4B1     1.368875     7A1     1.693480  

    Final Occupation by Irrep:
             A1    A2    B1    B2 
    DOCC [     3,    0,    1,    1 ]

  Energy converged.

  @RHF Final Energy:   -75.98015789459627

   => Energetics <=

    Nuclear Repulsion Energy =              8.8014639025229879
    One-Electron Energy =                -122.2750934077443929
    Two-Electron Energy =                  37.4934716106251358
    DFT Exchange-Correlation Energy =       0.0000000000000000
    Empirical Dispersion Energy =           0.0000000000000000
    PCM Polarization Energy =               0.0000000000000000
    EFP Energy =                            0.0000000000000000
    Total Energy =                        -75.9801578945962746

    Alert: EFP and PCM quantities not currently incorporated into SCF psivars.

Properties will be evaluated at   0.000000,   0.000000,   0.000000 Bohr
  ==> Properties <==


Properties computed using the SCF density matrix

  Nuclear Dipole Moment: (a.u.)
     X:     0.0000      Y:     0.0000      Z:     1.0191

  Electronic Dipole Moment: (a.u.)
     X:     0.0000      Y:     0.0000      Z:     0.0213

  Dipole Moment: (a.u.)
     X:     0.0000      Y:     0.0000      Z:     1.0404     Total:     1.0404

  Dipole Moment: (Debye)
     X:     0.0000      Y:     0.0000      Z:     2.6444     Total:     2.6444


  Saving occupied orbitals to File 180.

*** tstop() called on seb-latitude at Sat Mar 28 22:19:35 2015
Module time:
	user time   =       0.42 seconds =       0.01 minutes
	system time =       0.02 seconds =       0.00 minutes
	total time  =          1 seconds =       0.02 minutes
Total time:
	user time   =       0.42 seconds =       0.01 minutes
	system time =       0.02 seconds =       0.00 minutes
	total time  =          1 seconds =       0.02 minutes
Reading options from the FCIDUMP block
Calling plugin fcidump.so.
	Presorting SO-basis two-electron integrals.
	Sorting File: SO Ints (nn|nn) nbuckets = 1
	Transforming the one-electron integrals and constructing Fock matrices
	Starting first half-transformation.
	Sorting half-transformed integrals.
	First half integral transformation complete.
	Starting second half-transformation.
	Two-electron integral transformation complete.
Created the file H2O.631G.FCIDUMP
*** PSI4 exiting successfully. Buy a developer a beer!
