    -----------------------------------------------------------------------
          PSI4: An Open-Source Ab Initio Electronic Structure Package
                              PSI 4.0 Driver

               Git: Rev {master} 93a5e8d84afd652e6226b966a114479f5ca1a459

    J. M. Turney, A. C. Simmonett, R. M. Parrish, E. G. Hohenstein,
    F. A. Evangelista, J. T. Fermann, B. J. Mintz, L. A. Burns, J. J. Wilke,
    M. L. Abrams, N. J. Russ, M. L. Leininger, C. L. Janssen, E. T. Seidl,
    W. D. Allen, H. F. Schaefer, R. A. King, E. F. Valeev, C. D. Sherrill,
    and T. D. Crawford, WIREs Comput. Mol. Sci. 2, 556-565 (2012)
    (doi: 10.1002/wcms.93)

                         Additional Contributions by
    A. E. DePrince, M. Saitow, U. Bozkaya, A. Yu. Sokolov
    -----------------------------------------------------------------------


    Psi4 started on: 03-28-2015  09:21:23 PM EDT

    Process ID:   7989
    PSI4DATADIR: /home/seba/hackathon/psi4public/lib
    Memory level set to 256.000 MB

  ==> Input File <==

--------------------------------------------------------------------------
molecule N2 {
   N       0.0000   0.0000   0.0000
   N       0.0000   0.0000   2.1180
units au
}

plugin_load("fcidump/fcidump.so")

set basis cc-pVDZ
set reference rhf
set e_convergence 1e-12
set d_convergence 1e-12
set ints_tolerance 0.0

set fcidump dumpfilename N2.ccpvdz.fcidump

scf()

plugin("fcidump.so")

--------------------------------------------------------------------------
fcidump/fcidump.so loaded.

*** tstart() called on seb-latitude
*** at Sat Mar 28 21:21:25 2015

    There are an even number of electrons - assuming singlet.
    Specify the multiplicity with the MULTP option in the
    input if this is incorrect


         ---------------------------------------------------------
                                   SCF
            by Justin Turney, Rob Parrish, and Andy Simmonett
                              RHF Reference
                        1 Threads,    256 MiB Core
         ---------------------------------------------------------

  ==> Geometry <==

    Molecular point group: d2h
    Full point group: D_inf_h

    Geometry (in Bohr), charge = 0, multiplicity = 1:

       Center              X                  Y                   Z       
    ------------   -----------------  -----------------  -----------------
           N          0.000000000000     0.000000000000    -1.059000000000
           N          0.000000000000     0.000000000000     1.059000000000

  Running in d2h symmetry.

  Rotational constants: A = ************  B =      1.91668  C =      1.91668 [cm^-1]
  Rotational constants: A = ************  B =  57460.53086  C =  57460.53086 [MHz]
  Nuclear repulsion =   23.135033050047216

  Charge       = 0
  Multiplicity = 1
  Electrons    = 14
  Nalpha       = 7
  Nbeta        = 7

  ==> Algorithm <==

  SCF Algorithm Type is PK.
  DIIS enabled.
  MOM disabled.
  Fractional occupation disabled.
  Guess Type is CORE.
  Energy threshold   = 1.00e-12
  Density threshold  = 1.00e-12
  Integral threshold = 0.00e+00

  ==> Primary Basis <==

  Basis Set: CC-PVDZ
    Number of shells: 12
    Number of basis function: 28
    Number of Cartesian functions: 30
    Spherical Harmonics?: true
    Max angular momentum: 2

  ==> Pre-Iterations <==

   -------------------------------------------------------
    Irrep   Nso     Nmo     Nalpha   Nbeta   Ndocc  Nsocc
   -------------------------------------------------------
     Ag         7       7       0       0       0       0
     B1g        1       1       0       0       0       0
     B2g        3       3       0       0       0       0
     B3g        3       3       0       0       0       0
     Au         1       1       0       0       0       0
     B1u        7       7       0       0       0       0
     B2u        3       3       0       0       0       0
     B3u        3       3       0       0       0       0
   -------------------------------------------------------
    Total      28      28       7       7       7       0
   -------------------------------------------------------

  Starting with a DF guess...

 OEINTS: Overlap, kinetic, potential, dipole, and quadrupole integrals
         stored in file 35.

  ==> Integral Setup <==

  ==> DFJK: Density-Fitted J/K Matrices <==

    J tasked:                  Yes
    K tasked:                  Yes
    wK tasked:                  No
    OpenMP threads:              1
    Integrals threads:           1
    Memory (MB):               183
    Algorithm:                Core
    Integral Cache:           NONE
    Schwarz Cutoff:          0E+00
    Fitting Condition:       1E-12

   => Auxiliary Basis Set <=

  Basis Set: 
    Number of shells: 48
    Number of basis function: 140
    Number of Cartesian functions: 162
    Spherical Harmonics?: true
    Max angular momentum: 3

  Minimum eigenvalue in the overlap matrix is 6.7007799604E-03.
  Using Symmetric Orthogonalization.
  SCF Guess: Core (One-Electron) Hamiltonian.

  ==> Iterations <==

                           Total Energy        Delta E     RMS |[F,P]|

    Occupation by irrep:
             Ag   B1g   B2g   B3g    Au   B1u   B2u   B3u 
    DOCC [     3,    0,    0,    0,    0,    2,    1,    1 ]

   @DF-RHF iter   1:  -100.13252936603305   -1.00133e+02   2.51724e-01 
   @DF-RHF iter   2:  -106.64480951873750   -6.51228e+00   1.83546e-01 DIIS
   @DF-RHF iter   3:  -108.85996394422557   -2.21515e+00   3.59176e-02 DIIS
   @DF-RHF iter   4:  -108.94593652435688   -8.59726e-02   5.30989e-03 DIIS
   @DF-RHF iter   5:  -108.94897530601096   -3.03878e-03   9.49333e-04 DIIS
   @DF-RHF iter   6:  -108.94906164033489   -8.63343e-05   8.45922e-05 DIIS
   @DF-RHF iter   7:  -108.94906235024737   -7.09912e-07   1.22724e-05 DIIS
   @DF-RHF iter   8:  -108.94906236193242   -1.16850e-08   1.53793e-06 DIIS
   @DF-RHF iter   9:  -108.94906236211628   -1.83860e-10   1.01519e-07 DIIS
   @DF-RHF iter  10:  -108.94906236211719   -9.09495e-13   8.64002e-09 DIIS
   @DF-RHF iter  11:  -108.94906236211727   -8.52651e-14   8.14056e-10 DIIS
   @DF-RHF iter  12:  -108.94906236211719    8.52651e-14   6.56240e-11 DIIS
   @DF-RHF iter  13:  -108.94906236211722   -2.84217e-14   8.69458e-12 DIIS
   @DF-RHF iter  14:  -108.94906236211722    0.00000e+00   1.02975e-12 DIIS
   @DF-RHF iter  15:  -108.94906236211719    2.84217e-14   1.55800e-13 DIIS

  DF guess converged.

  ==> Integral Setup <==

 MINTS: Wrapper to libmints.
   by Justin Turney

   Calculation information:
      Number of atoms:                   2
      Number of AO shells:              12
      Number of SO shells:               6
      Number of primitives:             44
      Number of atomic orbitals:        30
      Number of basis functions:        28

      Number of irreps:                  8
      Integral cutoff                 0.00e+00
      Number of functions per irrep: [   7    1    3    3    1    7    3    3 ]

 OEINTS: Overlap, kinetic, potential, dipole, and quadrupole integrals
         stored in file 35.

      Computing two-electron integrals...done
      Computed 10684 non-zero two-electron integrals.
        Stored in file 33.

	Batch   1 pq = [       0,      82] index = [             0,3403]
  ==> DiskJK: Disk-Based J/K Matrices <==

    J tasked:                  Yes
    K tasked:                  Yes
    wK tasked:                  No
    Memory (MB):               183
    Schwarz Cutoff:          0E+00

   @RHF iter  16:  -108.94937761249216   -3.15250e-04   6.59958e-05 DIIS
   @RHF iter  17:  -108.94937786948336   -2.56991e-07   1.22521e-05 DIIS
   @RHF iter  18:  -108.94937787837816   -8.89480e-09   2.70185e-06 DIIS
   @RHF iter  19:  -108.94937787900059   -6.22435e-10   4.27263e-07 DIIS
   @RHF iter  20:  -108.94937787901733   -1.67404e-11   6.38464e-08 DIIS
   @RHF iter  21:  -108.94937787901785   -5.11591e-13   5.25258e-09 DIIS
   @RHF iter  22:  -108.94937787901779    5.68434e-14   6.76470e-10 DIIS
   @RHF iter  23:  -108.94937787901770    8.52651e-14   2.58987e-11 DIIS
   @RHF iter  24:  -108.94937787901779   -8.52651e-14   3.86943e-12 DIIS
   @RHF iter  25:  -108.94937787901782   -2.84217e-14   1.01019e-13 DIIS

  ==> Post-Iterations <==

    Orbital Energies (a.u.)
    -----------------------

    Doubly Occupied:                                                      

       1Ag   -15.693712     1B1u  -15.690731     2Ag    -1.454249  
       2B1u   -0.781546     3Ag    -0.624167     1B3u   -0.598535  
       1B2u   -0.598535  

    Virtual:                                                              

       1B2g    0.163558     1B3g    0.163558     3B1u    0.586680  
       4Ag     0.828753     2B2u    0.878573     2B3u    0.878573  
       5Ag     0.989625     2B3g    1.045916     2B2g    1.045916  
       4B1u    1.109574     5B1u    1.620391     1B1g    1.765040  
       6Ag     1.765040     3B3u    1.859141     3B2u    1.859141  
       1Au     2.283338     6B1u    2.283338     7Ag     2.846742  
       3B3g    2.970439     3B2g    2.970439     7B1u    3.235993  

    Final Occupation by Irrep:
             Ag   B1g   B2g   B3g    Au   B1u   B2u   B3u 
    DOCC [     3,    0,    0,    0,    0,    2,    1,    1 ]

  Energy converged.

  @RHF Final Energy:  -108.94937787901782

   => Energetics <=

    Nuclear Repulsion Energy =             23.1350330500472161
    One-Electron Energy =                -193.2858766552031398
    Two-Electron Energy =                  61.2014657261381174
    DFT Exchange-Correlation Energy =       0.0000000000000000
    Empirical Dispersion Energy =           0.0000000000000000
    PCM Polarization Energy =               0.0000000000000000
    EFP Energy =                            0.0000000000000000
    Total Energy =                       -108.9493778790178169

    Alert: EFP and PCM quantities not currently incorporated into SCF psivars.

Properties will be evaluated at   0.000000,   0.000000,   0.000000 Bohr
  ==> Properties <==


Properties computed using the SCF density matrix

  Nuclear Dipole Moment: (a.u.)
     X:     0.0000      Y:     0.0000      Z:     0.0000

  Electronic Dipole Moment: (a.u.)
     X:     0.0000      Y:     0.0000      Z:     0.0000

  Dipole Moment: (a.u.)
     X:     0.0000      Y:     0.0000      Z:     0.0000     Total:     0.0000

  Dipole Moment: (Debye)
     X:     0.0000      Y:     0.0000      Z:     0.0000     Total:     0.0000


  Saving occupied orbitals to File 180.

*** tstop() called on seb-latitude at Sat Mar 28 21:21:27 2015
Module time:
	user time   =       0.67 seconds =       0.01 minutes
	system time =       0.04 seconds =       0.00 minutes
	total time  =          2 seconds =       0.03 minutes
Total time:
	user time   =       0.67 seconds =       0.01 minutes
	system time =       0.04 seconds =       0.00 minutes
	total time  =          2 seconds =       0.03 minutes
Reading options from the FCIDUMP block
Calling plugin fcidump.so.
	Presorting SO-basis two-electron integrals.
	Sorting File: SO Ints (nn|nn) nbuckets = 1
	Transforming the one-electron integrals and constructing Fock matrices
	Starting first half-transformation.
	Sorting half-transformed integrals.
	First half integral transformation complete.
	Starting second half-transformation.
	Two-electron integral transformation complete.
Created the file N2.CCPVDZ.FCIDUMP
*** PSI4 exiting successfully. Buy a developer a beer!
