    -----------------------------------------------------------------------
          PSI4: An Open-Source Ab Initio Electronic Structure Package
                              PSI 4.0 Driver

               Git: Rev {master} 93a5e8d84afd652e6226b966a114479f5ca1a459

    J. M. Turney, A. C. Simmonett, R. M. Parrish, E. G. Hohenstein,
    F. A. Evangelista, J. T. Fermann, B. J. Mintz, L. A. Burns, J. J. Wilke,
    M. L. Abrams, N. J. Russ, M. L. Leininger, C. L. Janssen, E. T. Seidl,
    W. D. Allen, H. F. Schaefer, R. A. King, E. F. Valeev, C. D. Sherrill,
    and T. D. Crawford, WIREs Comput. Mol. Sci. 2, 556-565 (2012)
    (doi: 10.1002/wcms.93)

                         Additional Contributions by
    A. E. DePrince, M. Saitow, U. Bozkaya, A. Yu. Sokolov
    -----------------------------------------------------------------------


    Psi4 started on: 03-28-2015  10:19:48 PM EDT

    Process ID:  12124
    PSI4DATADIR: /home/seba/hackathon/psi4public/lib
    Memory level set to 256.000 MB

  ==> Input File <==

--------------------------------------------------------------------------
molecule N2 {
   N          0.000     0.000     0.000
   N          0.000     0.000     2.060
units au
}

plugin_load("fcidump/fcidump.so")

set basis sto-3g
set guess sad
set reference rhf
set e_convergence 1e-13
set d_convergence 1e-13
set ints_tolerance 0.0

set fcidump dumpfilename N2.sto3g.fcidump

scf()

plugin("fcidump.so")

--------------------------------------------------------------------------
fcidump/fcidump.so loaded.

*** tstart() called on seb-latitude
*** at Sat Mar 28 22:19:48 2015

    There are an even number of electrons - assuming singlet.
    Specify the multiplicity with the MULTP option in the
    input if this is incorrect


         ---------------------------------------------------------
                                   SCF
            by Justin Turney, Rob Parrish, and Andy Simmonett
                              RHF Reference
                        1 Threads,    256 MiB Core
         ---------------------------------------------------------

  ==> Geometry <==

    Molecular point group: d2h
    Full point group: D_inf_h

    Geometry (in Bohr), charge = 0, multiplicity = 1:

       Center              X                  Y                   Z       
    ------------   -----------------  -----------------  -----------------
           N          0.000000000000     0.000000000000    -1.030000000000
           N          0.000000000000     0.000000000000     1.030000000000

  Running in d2h symmetry.

  Rotational constants: A = ************  B =      2.02613  C =      2.02613 [cm^-1]
  Rotational constants: A = ************  B =  60741.72270  C =  60741.72270 [MHz]
  Nuclear repulsion =   23.786407766990290

  Charge       = 0
  Multiplicity = 1
  Electrons    = 14
  Nalpha       = 7
  Nbeta        = 7

  ==> Algorithm <==

  SCF Algorithm Type is PK.
  DIIS enabled.
  MOM disabled.
  Fractional occupation disabled.
  Guess Type is SAD.
  Energy threshold   = 1.00e-13
  Density threshold  = 1.00e-13
  Integral threshold = 0.00e+00

  ==> Primary Basis <==

  Basis Set: STO-3G
    Number of shells: 6
    Number of basis function: 10
    Number of Cartesian functions: 10
    Spherical Harmonics?: true
    Max angular momentum: 1

  ==> Pre-Iterations <==

   -------------------------------------------------------
    Irrep   Nso     Nmo     Nalpha   Nbeta   Ndocc  Nsocc
   -------------------------------------------------------
     Ag         3       3       0       0       0       0
     B1g        0       0       0       0       0       0
     B2g        1       1       0       0       0       0
     B3g        1       1       0       0       0       0
     Au         0       0       0       0       0       0
     B1u        3       3       0       0       0       0
     B2u        1       1       0       0       0       0
     B3u        1       1       0       0       0       0
   -------------------------------------------------------
    Total      10      10       7       7       7       0
   -------------------------------------------------------

  Starting with a DF guess...

 OEINTS: Overlap, kinetic, potential, dipole, and quadrupole integrals
         stored in file 35.

  ==> Integral Setup <==

  ==> DFJK: Density-Fitted J/K Matrices <==

    J tasked:                  Yes
    K tasked:                  Yes
    wK tasked:                  No
    OpenMP threads:              1
    Integrals threads:           1
    Memory (MB):               183
    Algorithm:                Core
    Integral Cache:           NONE
    Schwarz Cutoff:          0E+00
    Fitting Condition:       1E-12

   => Auxiliary Basis Set <=

  Basis Set: 
    Number of shells: 36
    Number of basis function: 112
    Number of Cartesian functions: 132
    Spherical Harmonics?: true
    Max angular momentum: 3

  Minimum eigenvalue in the overlap matrix is 1.5785510873E-01.
  Using Symmetric Orthogonalization.
  SCF Guess: Superposition of Atomic Densities via on-the-fly atomic UHF.

  ==> Iterations <==

                           Total Energy        Delta E     RMS |[F,P]|

   @DF-RHF iter   0:  -107.64081274443257   -1.07641e+02   4.87956e-01 
   @DF-RHF iter   1:  -107.49395237031092    1.46860e-01   7.80907e-03 
   @DF-RHF iter   2:  -107.49405970376881   -1.07333e-04   5.18212e-04 DIIS
   @DF-RHF iter   3:  -107.49406145887528   -1.75511e-06   5.87675e-05 DIIS
   @DF-RHF iter   4:  -107.49406151082934   -5.19541e-08   1.96620e-09 DIIS
   @DF-RHF iter   5:  -107.49406151082931    2.84217e-14   6.33094e-14 DIIS

  DF guess converged.

  ==> Integral Setup <==

 MINTS: Wrapper to libmints.
   by Justin Turney

   Calculation information:
      Number of atoms:                   2
      Number of AO shells:               6
      Number of SO shells:               3
      Number of primitives:             18
      Number of atomic orbitals:        10
      Number of basis functions:        10

      Number of irreps:                  8
      Integral cutoff                 0.00e+00
      Number of functions per irrep: [   3    0    1    1    0    3    1    1 ]

 OEINTS: Overlap, kinetic, potential, dipole, and quadrupole integrals
         stored in file 35.

      Computing two-electron integrals...done
      Computed 292 non-zero two-electron integrals.
        Stored in file 33.

	Batch   1 pq = [       0,      16] index = [             0,136]
  ==> DiskJK: Disk-Based J/K Matrices <==

    J tasked:                  Yes
    K tasked:                  Yes
    wK tasked:                  No
    Memory (MB):               183
    Schwarz Cutoff:          0E+00

   @RHF iter   6:  -107.49356712826770    4.94383e-04   1.55591e-05 DIIS
   @RHF iter   7:  -107.49356712898506   -7.17364e-10   1.27445e-06 DIIS
   @RHF iter   8:  -107.49356712900553   -2.04636e-11   2.14038e-07 DIIS
   @RHF iter   9:  -107.49356712900621   -6.82121e-13   1.50815e-14 DIIS
   @RHF iter  10:  -107.49356712900621    0.00000e+00   3.48210e-15 DIIS

  ==> Post-Iterations <==

    Orbital Energies (a.u.)
    -----------------------

    Doubly Occupied:                                                      

       1Ag   -15.520652     1B1u  -15.518568     2Ag    -1.449979  
       2B1u   -0.721487     1B3u   -0.578284     1B2u   -0.578284  
       3Ag    -0.541389  

    Virtual:                                                              

       1B2g    0.284696     1B3g    0.284696     3B1u    1.141210  

    Final Occupation by Irrep:
             Ag   B1g   B2g   B3g    Au   B1u   B2u   B3u 
    DOCC [     3,    0,    0,    0,    0,    2,    1,    1 ]

  Energy converged.

  @RHF Final Energy:  -107.49356712900621

   => Energetics <=

    Nuclear Repulsion Energy =             23.7864077669902905
    One-Electron Energy =                -192.7426649942856614
    Two-Electron Energy =                  61.4626900982891584
    DFT Exchange-Correlation Energy =       0.0000000000000000
    Empirical Dispersion Energy =           0.0000000000000000
    PCM Polarization Energy =               0.0000000000000000
    EFP Energy =                            0.0000000000000000
    Total Energy =                       -107.4935671290062089

    Alert: EFP and PCM quantities not currently incorporated into SCF psivars.

Properties will be evaluated at   0.000000,   0.000000,   0.000000 Bohr
  ==> Properties <==


Properties computed using the SCF density matrix

  Nuclear Dipole Moment: (a.u.)
     X:     0.0000      Y:     0.0000      Z:     0.0000

  Electronic Dipole Moment: (a.u.)
     X:     0.0000      Y:     0.0000      Z:     0.0000

  Dipole Moment: (a.u.)
     X:     0.0000      Y:     0.0000      Z:     0.0000     Total:     0.0000

  Dipole Moment: (Debye)
     X:     0.0000      Y:     0.0000      Z:     0.0000     Total:     0.0000


  Saving occupied orbitals to File 180.

*** tstop() called on seb-latitude at Sat Mar 28 22:19:49 2015
Module time:
	user time   =       0.39 seconds =       0.01 minutes
	system time =       0.01 seconds =       0.00 minutes
	total time  =          1 seconds =       0.02 minutes
Total time:
	user time   =       0.39 seconds =       0.01 minutes
	system time =       0.01 seconds =       0.00 minutes
	total time  =          1 seconds =       0.02 minutes
Reading options from the FCIDUMP block
Calling plugin fcidump.so.
	Presorting SO-basis two-electron integrals.
	Sorting File: SO Ints (nn|nn) nbuckets = 1
	Transforming the one-electron integrals and constructing Fock matrices
	Starting first half-transformation.
	Sorting half-transformed integrals.
	First half integral transformation complete.
	Starting second half-transformation.
	Two-electron integral transformation complete.
Created the file N2.STO3G.FCIDUMP
*** PSI4 exiting successfully. Buy a developer a beer!
